---
source: src/linter.rs
expression: checks
---
- kind:
    BuiltinVariableShadowing: sum
  location:
    row: 1
    column: 1
  fix: ~
- kind:
    BuiltinVariableShadowing: int
  location:
    row: 2
    column: 1
  fix: ~
- kind:
    BuiltinVariableShadowing: print
  location:
    row: 4
    column: 1
  fix: ~
- kind:
    BuiltinVariableShadowing: copyright
  location:
    row: 5
    column: 1
  fix: ~
- kind:
    BuiltinVariableShadowing: complex
  location:
    row: 6
    column: 2
  fix: ~
- kind:
    BuiltinVariableShadowing: float
  location:
    row: 7
    column: 1
  fix: ~
- kind:
    BuiltinVariableShadowing: object
  location:
    row: 7
    column: 9
  fix: ~
- kind:
    BuiltinVariableShadowing: min
  location:
    row: 8
    column: 1
  fix: ~
- kind:
    BuiltinVariableShadowing: max
  location:
    row: 8
    column: 6
  fix: ~
- kind:
    BuiltinVariableShadowing: bytes
  location:
    row: 10
    column: 1
  fix: ~
- kind:
    BuiltinVariableShadowing: slice
  location:
    row: 13
    column: 1
  fix: ~
- kind:
    BuiltinVariableShadowing: ValueError
  location:
    row: 18
    column: 1
  fix: ~
- kind:
    BuiltinVariableShadowing: memoryview
  location:
    row: 21
    column: 5
  fix: ~
- kind:
    BuiltinVariableShadowing: bytearray
  location:
    row: 21
    column: 18
  fix: ~
- kind:
    BuiltinVariableShadowing: str
  location:
    row: 24
    column: 22
  fix: ~
- kind:
    BuiltinVariableShadowing: all
  location:
    row: 24
    column: 45
  fix: ~
- kind:
    BuiltinVariableShadowing: any
  location:
    row: 24
    column: 50
  fix: ~
- kind:
    BuiltinVariableShadowing: sum
  location:
    row: 27
    column: 8
  fix: ~
