---
source: src/linter.rs
expression: checks
---
- kind:
    ImportStarUsage:
      - name
      - mymodule
  location:
    row: 5
    column: 11
  fix: ~
- kind:
    ImportStarUsage:
      - a
      - mymodule
  location:
    row: 11
    column: 1
  fix: ~

